20:49:13 **** Incremental Build of configuration Debug for project Disc_Led_blink ****
make -j12 all 
arm-none-eabi-gcc "../Core/Src/main.c" -mcpu=cortex-m4 -std=gnu11 -g3 -DDEBUG -DUSE_HAL_DRIVER -DSTM32F429xx -c -I../Core/Inc -I../Drivers/STM32F4xx_HAL_Driver/Inc -I../Drivers/STM32F4xx_HAL_Driver/Inc/Legacy -I../Drivers/CMSIS/Device/ST/STM32F4xx/Include -I../Drivers/CMSIS/Include -O0 -ffunction-sections -fdata-sections -Wall -fstack-usage -fcyclomatic-complexity -MMD -MP -MF"Core/Src/main.d" -MT"Core/Src/main.o" --specs=nano.specs -mfpu=fpv4-sp-d16 -mfloat-abi=hard -mthumb -o "Core/Src/main.o"
arm-none-eabi-gcc -o "Disc_Led_blink.elf" @"objects.list"   -mcpu=cortex-m4 -T"E:\Study\STM32429_Discovery_Codes\LED_Blink\stm32_testcodes\STM32F4Disc_Led_blink\Disc_Led_blink\STM32F429ZITX_FLASH.ld" --specs=nosys.specs -Wl,-Map="Disc_Led_blink.map" -Wl,--gc-sections -static --specs=nano.specs -mfpu=fpv4-sp-d16 -mfloat-abi=hard -mthumb -Wl,--start-group -lc -lm -Wl,--end-group
Finished building target: Disc_Led_blink.elf
 
arm-none-eabi-size  Disc_Led_blink.elf 
arm-none-eabi-objdump -h -S Disc_Led_blink.elf  > "Disc_Led_blink.list"
   text	   data	    bss	    dec	    hex	filename
   6316	     12	   1572	   7900	   1edc	Disc_Led_blink.elf
Finished building: default.size.stdout
 
Finished building: Disc_Led_blink.list
 
20:49:18 **** Incremental Build of configuration Debug for project Disc_Led_blink ****
make -j12 all 
arm-none-eabi-size  Disc_Led_blink.elf 
   text	   data	    bss	    dec	    hex	filename
   6316	     12	   1572	   7900	   1edc	Disc_Led_blink.elf
Finished building: default.size.stdout
 
